// Jest Snapshot v1, https://goo.gl/fbAQLP

exports[`Functionality Tests About page renders successfully 1`] = `ShallowWrapper {}`;

exports[`Functionality Tests Activity instance page renders successfully 1`] = `ShallowWrapper {}`;

exports[`Functionality Tests Park instance page renders successfully 1`] = `undefined`;

exports[`Functionality Tests Parks page renders successfully 1`] = `ShallowWrapper {}`;

exports[`Functionality Tests Recreation page renders successfully 1`] = `ShallowWrapper {}`;

exports[`Functionality Tests Splash page renders successfully 1`] = `ShallowWrapper {}`;

exports[`Functionality Tests State instance page renders successfully 1`] = `ShallowWrapper {}`;

exports[`Functionality Tests States page renders successfully 1`] = `ShallowWrapper {}`;
